Running Gradle task 'assembleDebug'...                          
flutter : lib/features/home/pre
sentation/home_screen.dart:62:1
3: Error: The getter 'hello' 
isn't defined for the type 
'AppLocalizations'.
At line:1 char:1
+ flutter build apk --debug > 
build_output.txt 2>&1
+ ~~~~~~~~~~~~~~~~~~~~~~~~~~~~~
~~~~~~~~~~~~~~~~~~~~
    + CategoryInfo          : 
Not    Specified: 
(lib/features/ho..    
.Localizations'.:String) [],   
  RemoteException
    + FullyQualifiedErrorId : 
Nat    iveCommandError
 
 - 'AppLocalizations' is from '
package:bharatstock/l10n/app_lo
calizations.dart' ('lib/l10n/ap
p_localizations.dart').
Try correcting the name to the 
name of an existing getter, or 
defining a getter or field 
named 'hello'.
          l.hello, // 
Dashboard/Hello
            ^^^^^
lib/features/home/presentation/
home_screen.dart:287:38: 
Error: The getter 
'stockSubtitle' isn't defined 
for the type 
'AppLocalizations'.
 - 'AppLocalizations' is from '
package:bharatstock/l10n/app_lo
calizations.dart' ('lib/l10n/ap
p_localizations.dart').
Try correcting the name to the 
name of an existing getter, or 
defining a getter or field 
named 'stockSubtitle'.
                            
title: l.stockSubtitle.split(':
').first,
                               
      ^^^^^^^^^^^^^
lib/features/home/presentation/
home_screen.dart:333:38: 
Error: The getter 
'expenseManager' isn't defined 
for the type 
'AppLocalizations'.
 - 'AppLocalizations' is from '
package:bharatstock/l10n/app_lo
calizations.dart' ('lib/l10n/ap
p_localizations.dart').
Try correcting the name to the 
name of an existing getter, or 
defining a getter or field 
named 'expenseManager'.
                            
title: l.expenseManager,
                               
      ^^^^^^^^^^^^^^
lib/features/home/presentation/
home_screen.dart:348:38: 
Error: The getter 
'profitLossAnalysis' isn't 
defined for the type 
'AppLocalizations'.
 - 'AppLocalizations' is from '
package:bharatstock/l10n/app_lo
calizations.dart' ('lib/l10n/ap
p_localizations.dart').
Try correcting the name to the 
name of an existing getter, or 
defining a getter or field 
named 'profitLossAnalysis'.
                            
title: l.profitLossAnalysis,
                               
      ^^^^^^^^^^^^^^^^^^
lib/features/home/presentation/
home_screen.dart:363:38: 
Error: The getter 'taxLedger' 
isn't defined for the type 
'AppLocalizations'.
 - 'AppLocalizations' is from '
package:bharatstock/l10n/app_lo
calizations.dart' ('lib/l10n/ap
p_localizations.dart').
Try correcting the name to the 
name of an existing getter, or 
defining a getter or field 
named 'taxLedger'.
                            
title: l.taxLedger,
                               
      ^^^^^^^^^
lib/features/home/presentation/
home_screen.dart:379:41: 
Error: The getter 
'businessHubSubtitle' isn't 
defined for the type 
'AppLocalizations'.
 - 'AppLocalizations' is from '
package:bharatstock/l10n/app_lo
calizations.dart' ('lib/l10n/ap
p_localizations.dart').
Try correcting the name to the 
name of an existing getter, or 
defining a getter or field 
named 'businessHubSubtitle'.
                            
subtitle: 
l.businessHubSubtitle,
                               
         ^^^^^^^^^^^^^^^^^^^
lib/features/analytics/presenta
tion/expenses_screen.dart:38:51
: Error: The getter 
'expenseManager' isn't defined 
for the type 
'AppLocalizations'.
 - 'AppLocalizations' is from '
package:bharatstock/l10n/app_lo
calizations.dart' ('lib/l10n/ap
p_localizations.dart').
Try correcting the name to the 
name of an existing getter, or 
defining a getter or field 
named 'expenseManager'.
        title: Text(AppLocaliza
tions.of(context)!.expenseManag
er),
                               
                   
^^^^^^^^^^^^^^
lib/features/analytics/presenta
tion/expenses_screen.dart:119:5
5: Error: The getter 
'totalSpending' isn't defined 
for the type 
'AppLocalizations'.
 - 'AppLocalizations' is from '
package:bharatstock/l10n/app_lo
calizations.dart' ('lib/l10n/ap
p_localizations.dart').
Try correcting the name to the 
name of an existing getter, or 
defining a getter or field 
named 'totalSpending'.
                        AppLoca
lizations.of(context)!.totalSpe
nding,
                               
                       
^^^^^^^^^^^^^
lib/features/analytics/presenta
tion/expenses_screen.dart:139:6
1: Error: The getter 
'allCategories' isn't defined 
for the type 
'AppLocalizations'.
 - 'AppLocalizations' is from '
package:bharatstock/l10n/app_lo
calizations.dart' ('lib/l10n/ap
p_localizations.dart').
Try correcting the name to the 
name of an existing getter, or 
defining a getter or field 
named 'allCategories'.
                            ? A
ppLocalizations.of(context)!.al
lCategories
                               
                             
^^^^^^^^^^^^^
lib/features/analytics/presenta
tion/expenses_screen.dart:293:5
1: Error: The getter 
'deleteExpense' isn't defined 
for the type 
'AppLocalizations'.
 - 'AppLocalizations' is from '
package:bharatstock/l10n/app_lo
calizations.dart' ('lib/l10n/ap
p_localizations.dart').
Try correcting the name to the 
name of an existing getter, or 
defining a getter or field 
named 'deleteExpense'.
        title: Text(AppLocaliza
tions.of(context)!.deleteExpens
e),
                               
                   
^^^^^^^^^^^^^
lib/features/analytics/presenta
tion/expenses_screen.dart:295:4
4: Error: The getter 
'confirmDeleteExpense' isn't 
defined for the type 
'AppLocalizations'.
 - 'AppLocalizations' is from '
package:bharatstock/l10n/app_lo
calizations.dart' ('lib/l10n/ap
p_localizations.dart').
Try correcting the name to the 
name of an existing getter, or 
defining a getter or field 
named 'confirmDeleteExpense'.
          "${AppLocalizations.o
f(context)!.confirmDeleteExpens
e} ('${expense.title}')",
                               
            
^^^^^^^^^^^^^^^^^^^^
lib/features/analytics/presenta
tion/expenses_screen.dart:300:5
5: Error: The getter 'cancel' 
isn't defined for the type 
'AppLocalizations'.
 - 'AppLocalizations' is from '
package:bharatstock/l10n/app_lo
calizations.dart' ('lib/l10n/ap
p_localizations.dart').
Try correcting the name to the 
name of an existing getter, or 
defining a getter or field 
named 'cancel'.
            child: Text(AppLoca
lizations.of(context)!.cancel),
                               
                       ^^^^^^
lib/features/analytics/presenta
tion/expenses_screen.dart:308:4
5: Error: The getter 'delete' 
isn't defined for the type 
'AppLocalizations'.
 - 'AppLocalizations' is from '
package:bharatstock/l10n/app_lo
calizations.dart' ('lib/l10n/ap
p_localizations.dart').
Try correcting the name to the 
name of an existing getter, or 
defining a getter or field 
named 'delete'.
              AppLocalizations.
of(context)!.delete,
                               
             ^^^^^^
lib/features/analytics/presenta
tion/add_expense_screen.dart:45
:51: Error: The getter 
'addExpense' isn't defined for 
the type 'AppLocalizations'.
 - 'AppLocalizations' is from '
package:bharatstock/l10n/app_lo
calizations.dart' ('lib/l10n/ap
p_localizations.dart').
Try correcting the name to the 
name of an existing getter, or 
defining a getter or field 
named 'addExpense'.
        title: Text(AppLocaliza
tions.of(context)!.addExpense),
                               
                   ^^^^^^^^^^
lib/features/analytics/presenta
tion/add_expense_screen.dart:58
:47: Error: The getter 
'expenseTitle' isn't defined 
for the type 
'AppLocalizations'.
 - 'AppLocalizations' is from '
package:bharatstock/l10n/app_lo
calizations.dart' ('lib/l10n/ap
p_localizations.dart').
Try correcting the name to the 
name of an existing getter, or 
defining a getter or field 
named 'expenseTitle'.
                AppLocalization
s.of(context)!.expenseTitle.toU
pperCase(),
                               
               ^^^^^^^^^^^^
lib/features/analytics/presenta
tion/add_expense_screen.dart:69
:50: Error: The getter 
'amountLabel' isn't defined 
for the type 
'AppLocalizations'.
 - 'AppLocalizations' is from '
package:bharatstock/l10n/app_lo
calizations.dart' ('lib/l10n/ap
p_localizations.dart').
Try correcting the name to the 
name of an existing getter, or 
defining a getter or field 
named 'amountLabel'.
                "${AppLocalizat
ions.of(context)!.amountLabel.t
oUpperCase()} (Γé╣)",
                               
                  ^^^^^^^^^^^
lib/features/analytics/presenta
tion/add_expense_screen.dart:10
7:57: Error: The getter 
'category' isn't defined for 
the type 'AppLocalizations'.
 - 'AppLocalizations' is from '
package:bharatstock/l10n/app_lo
calizations.dart' ('lib/l10n/ap
p_localizations.dart').
Try correcting the name to the 
name of an existing getter, or 
defining a getter or field 
named 'category'.
              _buildLabel(AppLo
calizations.of(context)!.catego
ry.toUpperCase()),
                               
                         
^^^^^^^^
lib/features/analytics/presenta
tion/ca_export_screen.dart:203:
45: Error: The getter 
'selectPeriod' isn't defined 
for the type 
'AppLocalizations'.
 - 'AppLocalizations' is from '
package:bharatstock/l10n/app_lo
calizations.dart' ('lib/l10n/ap
p_localizations.dart').
Try correcting the name to the 
name of an existing getter, or 
defining a getter or field 
named 'selectPeriod'.
              AppLocalizations.
of(context)!.selectPeriod,
                               
             ^^^^^^^^^^^^
lib/features/analytics/presenta
tion/ca_export_screen.dart:239:
45: Error: The getter 
'reportsToInclude' isn't 
defined for the type 
'AppLocalizations'.
 - 'AppLocalizations' is from '
package:bharatstock/l10n/app_lo
calizations.dart' ('lib/l10n/ap
p_localizations.dart').
Try correcting the name to the 
name of an existing getter, or 
defining a getter or field 
named 'reportsToInclude'.
              AppLocalizations.
of(context)!.reportsToInclude,
                               
             ^^^^^^^^^^^^^^^^
lib/features/analytics/presenta
tion/ca_export_screen.dart:250:
55: Error: The getter 
'salesRegisterDesc' isn't 
defined for the type 
'AppLocalizations'.
 - 'AppLocalizations' is from '
package:bharatstock/l10n/app_lo
calizations.dart' ('lib/l10n/ap
p_localizations.dart').
Try correcting the name to the 
name of an existing getter, or 
defining a getter or field 
named 'salesRegisterDesc'.
              subtitle: AppLoca
lizations.of(context)!.salesReg
isterDesc,
                               
                       
^^^^^^^^^^^^^^^^^
lib/features/analytics/presenta
tion/ca_export_screen.dart:262:
55: Error: The getter 
'purchaseRegisterDesc' isn't 
defined for the type 
'AppLocalizations'.
 - 'AppLocalizations' is from '
package:bharatstock/l10n/app_lo
calizations.dart' ('lib/l10n/ap
p_localizations.dart').
Try correcting the name to the 
name of an existing getter, or 
defining a getter or field 
named 'purchaseRegisterDesc'.
              subtitle: AppLoca
lizations.of(context)!.purchase
RegisterDesc,
                               
                       
^^^^^^^^^^^^^^^^^^^^
lib/features/analytics/presenta
tion/ca_export_screen.dart:274:
55: Error: The getter 
'taxSummaryPdfDesc' isn't 
defined for the type 
'AppLocalizations'.
 - 'AppLocalizations' is from '
package:bharatstock/l10n/app_lo
calizations.dart' ('lib/l10n/ap
p_localizations.dart').
Try correcting the name to the 
name of an existing getter, or 
defining a getter or field 
named 'taxSummaryPdfDesc'.
              subtitle: AppLoca
lizations.of(context)!.taxSumma
ryPdfDesc,
                               
                       
^^^^^^^^^^^^^^^^^
lib/features/analytics/presenta
tion/sales_screen.dart:85:55: 
Error: The getter 'thisWeek' 
isn't defined for the type 
'AppLocalizations'.
 - 'AppLocalizations' is from '
package:bharatstock/l10n/app_lo
calizations.dart' ('lib/l10n/ap
p_localizations.dart').
Try correcting the name to the 
name of an existing getter, or 
defining a getter or field 
named 'thisWeek'.
                        AppLoca
lizations.of(context)!.thisWeek
,
                               
                       ^^^^^^^^
lib/features/analytics/presenta
tion/sales_screen.dart:94:49: 
Error: The getter 'thisMonth' 
isn't defined for the type 
'AppLocalizations'.
 - 'AppLocalizations' is from '
package:bharatstock/l10n/app_lo
calizations.dart' ('lib/l10n/ap
p_localizations.dart').
Try correcting the name to the 
name of an existing getter, or 
defining a getter or field 
named 'thisMonth'.
                  AppLocalizati
ons.of(context)!.thisMonth,
                               
                 ^^^^^^^^^
lib/features/analytics/presenta
tion/tax_ledger_screen.dart:27:
51: Error: The getter 
'taxLedger' isn't defined for 
the type 'AppLocalizations'.
 - 'AppLocalizations' is from '
package:bharatstock/l10n/app_lo
calizations.dart' ('lib/l10n/ap
p_localizations.dart').
Try correcting the name to the 
name of an existing getter, or 
defining a getter or field 
named 'taxLedger'.
        title: Text(AppLocaliza
tions.of(context)!.taxLedger),
                               
                   ^^^^^^^^^
lib/features/analytics/presenta
tion/profit_loss_screen.dart:30
:51: Error: The getter 
'profitLossAnalysis' isn't 
defined for the type 
'AppLocalizations'.
 - 'AppLocalizations' is from '
package:bharatstock/l10n/app_lo
calizations.dart' ('lib/l10n/ap
p_localizations.dart').
Try correcting the name to the 
name of an existing getter, or 
defining a getter or field 
named 'profitLossAnalysis'.
        title: Text(AppLocaliza
tions.of(context)!.profitLossAn
alysis),
                               
                   
^^^^^^^^^^^^^^^^^^
lib/features/analytics/presenta
tion/profit_loss_screen.dart:44
:61: Error: The getter 'today' 
isn't defined for the type 
'AppLocalizations'.
 - 'AppLocalizations' is from '
package:bharatstock/l10n/app_lo
calizations.dart' ('lib/l10n/ap
p_localizations.dart').
Try correcting the name to the 
name of an existing getter, or 
defining a getter or field 
named 'today'.
                  child: Text(A
ppLocalizations.of(context)!.to
day),
                               
                             
^^^^^
lib/features/analytics/presenta
tion/profit_loss_screen.dart:48
:61: Error: The getter 
'thisWeek' isn't defined for 
the type 'AppLocalizations'.
 - 'AppLocalizations' is from '
package:bharatstock/l10n/app_lo
calizations.dart' ('lib/l10n/ap
p_localizations.dart').
Try correcting the name to the 
name of an existing getter, or 
defining a getter or field 
named 'thisWeek'.
                  child: Text(A
ppLocalizations.of(context)!.th
isWeek),
                               
                             
^^^^^^^^
lib/features/analytics/presenta
tion/profit_loss_screen.dart:52
:61: Error: The getter 
'thisMonth' isn't defined for 
the type 'AppLocalizations'.
 - 'AppLocalizations' is from '
package:bharatstock/l10n/app_lo
calizations.dart' ('lib/l10n/ap
p_localizations.dart').
Try correcting the name to the 
name of an existing getter, or 
defining a getter or field 
named 'thisMonth'.
                  child: Text(A
ppLocalizations.of(context)!.th
isMonth),
                               
                             
^^^^^^^^^
lib/features/analytics/presenta
tion/profit_loss_screen.dart:56
:61: Error: The getter 
'allTime' isn't defined for 
the type 'AppLocalizations'.
 - 'AppLocalizations' is from '
package:bharatstock/l10n/app_lo
calizations.dart' ('lib/l10n/ap
p_localizations.dart').
Try correcting the name to the 
name of an existing getter, or 
defining a getter or field 
named 'allTime'.
                  child: Text(A
ppLocalizations.of(context)!.al
lTime),
                               
                             
^^^^^^^
lib/features/analytics/presenta
tion/profit_loss_screen.dart:75
:41: Error: The getter 
'manageExpenses' isn't defined 
for the type 
'AppLocalizations'.
 - 'AppLocalizations' is from '
package:bharatstock/l10n/app_lo
calizations.dart' ('lib/l10n/ap
p_localizations.dart').
Try correcting the name to the 
name of an existing getter, or 
defining a getter or field 
named 'manageExpenses'.
          AppLocalizations.of(c
ontext)!.manageExpenses,
                               
         ^^^^^^^^^^^^^^
lib/features/analytics/presenta
tion/profit_loss_screen.dart:18
2:38: Error: The getter 
'netLoss' isn't defined for 
the type 'AppLocalizations'.
 - 'AppLocalizations' is from '
package:bharatstock/l10n/app_lo
calizations.dart' ('lib/l10n/ap
p_localizations.dart').
Try correcting the name to the 
name of an existing getter, or 
defining a getter or field 
named 'netLoss'.
                               
   )!.netLoss.toUpperCase(),
                               
      ^^^^^^^
lib/features/analytics/presenta
tion/profit_loss_screen.dart:20
8:63: Error: The getter 
'grossProfit' isn't defined 
for the type 
'AppLocalizations'.
 - 'AppLocalizations' is from '
package:bharatstock/l10n/app_lo
calizations.dart' ('lib/l10n/ap
p_localizations.dart').
Try correcting the name to the 
name of an existing getter, or 
defining a getter or field 
named 'grossProfit'.
                               
 AppLocalizations.of(context)!.
grossProfit,
                               
                               
^^^^^^^^^^^
lib/features/analytics/presenta
tion/profit_loss_screen.dart:21
4:63: Error: The getter 
'margin' isn't defined for the 
type 'AppLocalizations'.
 - 'AppLocalizations' is from '
package:bharatstock/l10n/app_lo
calizations.dart' ('lib/l10n/ap
p_localizations.dart').
Try correcting the name to the 
name of an existing getter, or 
defining a getter or field 
named 'margin'.
                               
 AppLocalizations.of(context)!.
margin,
                               
                               
^^^^^^
lib/features/analytics/presenta
tion/profit_loss_screen.dart:22
9:53: Error: The getter 
'financialPerformance' isn't 
defined for the type 
'AppLocalizations'.
 - 'AppLocalizations' is from '
package:bharatstock/l10n/app_lo
calizations.dart' ('lib/l10n/ap
p_localizations.dart').
Try correcting the name to the 
name of an existing getter, or 
defining a getter or field 
named 'financialPerformance'.
                      AppLocali
zations.of(context)!.financialP
erformance,
                               
                     
^^^^^^^^^^^^^^^^^^^^
lib/features/analytics/presenta
tion/profit_loss_screen.dart:25
0:63: Error: The getter 
'revenueVsExpenses' isn't 
defined for the type 
'AppLocalizations'.
 - 'AppLocalizations' is from '
package:bharatstock/l10n/app_lo
calizations.dart' ('lib/l10n/ap
p_localizations.dart').
Try correcting the name to the 
name of an existing getter, or 
defining a getter or field 
named 'revenueVsExpenses'.
                               
 AppLocalizations.of(context)!.
revenueVsExpenses,
                               
                               
^^^^^^^^^^^^^^^^^
lib/features/analytics/presenta
tion/profit_loss_screen.dart:37
0:57: Error: The getter 
'revenue' isn't defined for 
the type 'AppLocalizations'.
 - 'AppLocalizations' is from '
package:bharatstock/l10n/app_lo
calizations.dart' ('lib/l10n/ap
p_localizations.dart').
Try correcting the name to the 
name of an existing getter, or 
defining a getter or field 
named 'revenue'.
                          AppLo
calizations.of(context)!.revenu
e,
                               
                         
^^^^^^^
lib/features/analytics/presenta
tion/profit_loss_screen.dart:37
6:57: Error: The getter 
'inventoryCost' isn't defined 
for the type 
'AppLocalizations'.
 - 'AppLocalizations' is from '
package:bharatstock/l10n/app_lo
calizations.dart' ('lib/l10n/ap
p_localizations.dart').
Try correcting the name to the 
name of an existing getter, or 
defining a getter or field 
named 'inventoryCost'.
                          AppLo
calizations.of(context)!.invent
oryCost,
                               
                         
^^^^^^^^^^^^^
lib/features/analytics/presenta
tion/profit_loss_screen.dart:38
2:57: Error: The getter 
'operatingExpenses' isn't 
defined for the type 
'AppLocalizations'.
 - 'AppLocalizations' is from '
package:bharatstock/l10n/app_lo
calizations.dart' ('lib/l10n/ap
p_localizations.dart').
Try correcting the name to the 
name of an existing getter, or 
defining a getter or field 
named 'operatingExpenses'.
                          AppLo
calizations.of(context)!.operat
ingExpenses,
                               
                         
^^^^^^^^^^^^^^^^^
lib/features/analytics/presenta
tion/profit_loss_screen.dart:38
8:57: Error: The getter 
'itemsSold' isn't defined for 
the type 'AppLocalizations'.
 - 'AppLocalizations' is from '
package:bharatstock/l10n/app_lo
calizations.dart' ('lib/l10n/ap
p_localizations.dart').
Try correcting the name to the 
name of an existing getter, or 
defining a getter or field 
named 'itemsSold'.
                          AppLo
calizations.of(context)!.itemsS
old,
                               
                         
^^^^^^^^^
lib/features/analytics/presenta
tion/profit_loss_screen.dart:40
5:59: Error: The getter 
'recentExpenses' isn't defined 
for the type 
'AppLocalizations'.
 - 'AppLocalizations' is from '
package:bharatstock/l10n/app_lo
calizations.dart' ('lib/l10n/ap
p_localizations.dart').
Try correcting the name to the 
name of an existing getter, or 
defining a getter or field 
named 'recentExpenses'.
                            App
Localizations.of(context)!.rece
ntExpenses,
                               
                           
^^^^^^^^^^^^^^
lib/features/analytics/presenta
tion/profit_loss_screen.dart:41
8:71: Error: The getter 
'viewAll' isn't defined for 
the type 'AppLocalizations'.
 - 'AppLocalizations' is from '
package:bharatstock/l10n/app_lo
calizations.dart' ('lib/l10n/ap
p_localizations.dart').
Try correcting the name to the 
name of an existing getter, or 
defining a getter or field 
named 'viewAll'.
                            
child: Text(AppLocalizations.of
(context)!.viewAll),
                               
                               
        ^^^^^^^
lib/features/home/presentation/
widgets/home_drawer.dart:42:28:
 Error: The getter 
'stockSubtitle' isn't defined 
for the type 
'AppLocalizations'.
 - 'AppLocalizations' is from '
package:bharatstock/l10n/app_lo
calizations.dart' ('lib/l10n/ap
p_localizations.dart').
Try correcting the name to the 
name of an existing getter, or 
defining a getter or field 
named 'stockSubtitle'.
                  title: l.stoc
kSubtitle.split(':').first, // 
Inventory
                           
^^^^^^^^^^^^^
lib/features/home/presentation/
widgets/home_drawer.dart:61:28:
 Error: The getter 'analytics' 
isn't defined for the type 
'AppLocalizations'.
 - 'AppLocalizations' is from '
package:bharatstock/l10n/app_lo
calizations.dart' ('lib/l10n/ap
p_localizations.dart').
Try correcting the name to the 
name of an existing getter, or 
defining a getter or field 
named 'analytics'.
                  title: 
l.analytics,
                           
^^^^^^^^^
lib/features/home/presentation/
widgets/home_drawer.dart:70:28:
 Error: The getter 
'expenseManager' isn't defined 
for the type 
'AppLocalizations'.
 - 'AppLocalizations' is from '
package:bharatstock/l10n/app_lo
calizations.dart' ('lib/l10n/ap
p_localizations.dart').
Try correcting the name to the 
name of an existing getter, or 
defining a getter or field 
named 'expenseManager'.
                  title: 
l.expenseManager,
                           
^^^^^^^^^^^^^^
lib/features/home/presentation/
widgets/home_drawer.dart:79:28:
 Error: The getter 'taxLedger' 
isn't defined for the type 
'AppLocalizations'.
 - 'AppLocalizations' is from '
package:bharatstock/l10n/app_lo
calizations.dart' ('lib/l10n/ap
p_localizations.dart').
Try correcting the name to the 
name of an existing getter, or 
defining a getter or field 
named 'taxLedger'.
                  title: 
l.taxLedger,
                           
^^^^^^^^^
Target kernel_snapshot_program 
failed: Exception


FAILURE: Build failed with an 
exception.

* What went wrong:
Execution failed for task ':app
:compileFlutterBuildDebug'.
> Process 'command 'C:\Users\ra
hul\flutter_windows_3.38.5-stab
le\flutter\bin\flutter.bat'' 
finished with non-zero exit 
value 1

* Try:
> Run with --stacktrace option 
to get the stack trace.
> Run with --info or --debug 
option to get more log output.
> Run with --scan to get full 
insights.
> Get more help at 
https://help.gradle.org.

BUILD FAILED in 6s
Running Gradle task 'assembleDebug'...                              6.8s
Gradle task assembleDebug 
failed with exit code 1
